Component: ARM Compiler 5.06 update 6 (build 750) Tool: armlink [4d35ed]

==============================================================================

Section Cross References

    queue.o(.text) refers to heap_2.o(.text) for pvPortMalloc
    queue.o(.text) refers to list.o(.text) for vListInitialise
    queue.o(.text) refers to port.o(.text) for vPortEnterCritical
    queue.o(.text) refers to tasks.o(.text) for xTaskRemoveFromEventList
    queue.o(.text) refers to memcpya.o(.text) for __aeabi_memcpy
    queue.o(.text) refers to port.o(.emb_text) for vPortSetInterruptMask
    tasks.o(.text) refers to list.o(.text) for vListInitialise
    tasks.o(.text) refers to strncpy.o(.text) for strncpy
    tasks.o(.text) refers to heap_2.o(.text) for pvPortMalloc
    tasks.o(.text) refers to memseta.o(.text) for __aeabi_memset
    tasks.o(.text) refers to port.o(.text) for pxPortInitialiseStack
    tasks.o(.text) refers to tasks.o(.bss) for pxReadyTasksLists
    tasks.o(.text) refers to tasks.o(.data) for pxDelayedTaskList
    tasks.o(.text) refers to main.o(.text) for vApplicationIdleHook
    tasks.o(.text) refers to port.o(.emb_text) for vPortSetInterruptMask
    port.o(.emb_text) refers to tasks.o(.text) for vTaskSwitchContext
    port.o(.emb_text) refers to tasks.o(.data) for pxCurrentTCB
    port.o(.text) refers to port.o(.emb_text) for vPortStartFirstTask
    port.o(.text) refers to tasks.o(.text) for vTaskIncrementTick
    port.o(.text) refers to port.o(.data) for uxCriticalNesting
    heap_2.o(.text) refers to tasks.o(.text) for vTaskSuspendAll
    heap_2.o(.text) refers to heap_2.o(.data) for xHeapHasBeenInitialised
    heap_2.o(.text) refers to heap_2.o(.bss) for xHeap
    main.o(.text) refers to printf3.o(i.__0printf$3) for __2printf
    main.o(.text) refers to basic_io.o(.text) for vPrintStringAndNumber
    main.o(.text) refers to memcpya.o(.text) for __aeabi_memcpy4
    main.o(.text) refers to fflti.o(.text) for __aeabi_i2f
    main.o(.text) refers to fadd.o(.text) for __aeabi_fadd
    main.o(.text) refers to f2d.o(.text) for __aeabi_f2d
    main.o(.text) refers to cdcmple.o(.text) for __aeabi_cdcmple
    main.o(.text) refers to tasks.o(.text) for xTaskGetTickCount
    main.o(.text) refers to mallocr.o(i.__malloc$realloc) for malloc
    main.o(.text) refers to mallocr.o(i.realloc) for realloc
    main.o(.text) refers to main.o(.data) for ptr
    main.o(.text) refers to rand.o(.text) for rand
    main.o(.text) refers to mallocr.o(i.__free$realloc) for free
    main.o(.text) refers to printf3.o(i.__0sprintf$3) for __2sprintf
    main.o(.text) refers to main.o(.bss) for tasks
    main.o(.text) refers to strlen.o(.text) for strlen
    basic_io.o(.text) refers to tasks.o(.text) for vTaskSuspendAll
    basic_io.o(.text) refers to printf3.o(i.__0printf$3) for __2printf
    startup_mps_cm3.o(RESET) refers to startup_mps_cm3.o(STACK) for __initial_sp
    startup_mps_cm3.o(RESET) refers to startup_mps_cm3.o(.text) for Reset_Handler
    startup_mps_cm3.o(RESET) refers to port.o(.emb_text) for vPortSVCHandler
    startup_mps_cm3.o(RESET) refers to port.o(.text) for xPortSysTickHandler
    startup_mps_cm3.o(.text) refers to entry.o(.ARM.Collect$$$$00000000) for __main
    entry.o(.ARM.Collect$$$$00000000) refers (Special) to entry10a.o(.ARM.Collect$$$$0000000D) for __rt_final_cpp
    entry.o(.ARM.Collect$$$$00000000) refers (Special) to entry11a.o(.ARM.Collect$$$$0000000F) for __rt_final_exit
    entry.o(.ARM.Collect$$$$00000000) refers (Special) to entry7b.o(.ARM.Collect$$$$00000008) for _main_clock
    entry.o(.ARM.Collect$$$$00000000) refers (Special) to entry8b.o(.ARM.Collect$$$$0000000A) for _main_cpp_init
    entry.o(.ARM.Collect$$$$00000000) refers (Special) to entry9a.o(.ARM.Collect$$$$0000000B) for _main_init
    entry.o(.ARM.Collect$$$$00000000) refers (Special) to entry5.o(.ARM.Collect$$$$00000004) for _main_scatterload
    entry.o(.ARM.Collect$$$$00000000) refers (Special) to entry2.o(.ARM.Collect$$$$00000001) for _main_stk
    rand.o(.text) refers to rand.o(.data) for .data
    printfb.o(i.__0fprintf$bare) refers to printfb.o(i._printf_core) for _printf_core
    printfb.o(i.__0fprintf$bare) refers to basic_io.o(.text) for fputc
    printfb.o(i.__0printf$bare) refers to printfb.o(i._printf_core) for _printf_core
    printfb.o(i.__0printf$bare) refers to basic_io.o(.text) for fputc
    printfb.o(i.__0printf$bare) refers to stdout.o(.data) for __stdout
    printfb.o(i.__0snprintf$bare) refers to printfb.o(i._printf_core) for _printf_core
    printfb.o(i.__0snprintf$bare) refers to printfb.o(i._snputc) for _snputc
    printfb.o(i.__0sprintf$bare) refers to printfb.o(i._printf_core) for _printf_core
    printfb.o(i.__0sprintf$bare) refers to printfb.o(i._sputc) for _sputc
    printfb.o(i.__0vfprintf$bare) refers to printfb.o(i._printf_core) for _printf_core
    printfb.o(i.__0vfprintf$bare) refers to basic_io.o(.text) for fputc
    printfb.o(i.__0vprintf$bare) refers to printfb.o(i._printf_core) for _printf_core
    printfb.o(i.__0vprintf$bare) refers to basic_io.o(.text) for fputc
    printfb.o(i.__0vprintf$bare) refers to stdout.o(.data) for __stdout
    printfb.o(i.__0vsnprintf$bare) refers to printfb.o(i._printf_core) for _printf_core
    printfb.o(i.__0vsnprintf$bare) refers to printfb.o(i._snputc) for _snputc
    printfb.o(i.__0vsprintf$bare) refers to printfb.o(i._printf_core) for _printf_core
    printfb.o(i.__0vsprintf$bare) refers to printfb.o(i._sputc) for _sputc
    printf0.o(i.__0fprintf$0) refers to printf0.o(i._printf_core) for _printf_core
    printf0.o(i.__0fprintf$0) refers to basic_io.o(.text) for fputc
    printf0.o(i.__0printf$0) refers to printf0.o(i._printf_core) for _printf_core
    printf0.o(i.__0printf$0) refers to basic_io.o(.text) for fputc
    printf0.o(i.__0printf$0) refers to stdout.o(.data) for __stdout
    printf0.o(i.__0snprintf$0) refers to printf0.o(i._printf_core) for _printf_core
    printf0.o(i.__0snprintf$0) refers to printf0.o(i._snputc) for _snputc
    printf0.o(i.__0sprintf$0) refers to printf0.o(i._printf_core) for _printf_core
    printf0.o(i.__0sprintf$0) refers to printf0.o(i._sputc) for _sputc
    printf0.o(i.__0vfprintf$0) refers to printf0.o(i._printf_core) for _printf_core
    printf0.o(i.__0vfprintf$0) refers to basic_io.o(.text) for fputc
    printf0.o(i.__0vprintf$0) refers to printf0.o(i._printf_core) for _printf_core
    printf0.o(i.__0vprintf$0) refers to basic_io.o(.text) for fputc
    printf0.o(i.__0vprintf$0) refers to stdout.o(.data) for __stdout
    printf0.o(i.__0vsnprintf$0) refers to printf0.o(i._printf_core) for _printf_core
    printf0.o(i.__0vsnprintf$0) refers to printf0.o(i._snputc) for _snputc
    printf0.o(i.__0vsprintf$0) refers to printf0.o(i._printf_core) for _printf_core
    printf0.o(i.__0vsprintf$0) refers to printf0.o(i._sputc) for _sputc
    printf1.o(i.__0fprintf$1) refers to printf1.o(i._printf_core) for _printf_core
    printf1.o(i.__0fprintf$1) refers to basic_io.o(.text) for fputc
    printf1.o(i.__0printf$1) refers to printf1.o(i._printf_core) for _printf_core
    printf1.o(i.__0printf$1) refers to basic_io.o(.text) for fputc
    printf1.o(i.__0printf$1) refers to stdout.o(.data) for __stdout
    printf1.o(i.__0snprintf$1) refers to printf1.o(i._printf_core) for _printf_core
    printf1.o(i.__0snprintf$1) refers to printf1.o(i._snputc) for _snputc
    printf1.o(i.__0sprintf$1) refers to printf1.o(i._printf_core) for _printf_core
    printf1.o(i.__0sprintf$1) refers to printf1.o(i._sputc) for _sputc
    printf1.o(i.__0vfprintf$1) refers to printf1.o(i._printf_core) for _printf_core
    printf1.o(i.__0vfprintf$1) refers to basic_io.o(.text) for fputc
    printf1.o(i.__0vprintf$1) refers to printf1.o(i._printf_core) for _printf_core
    printf1.o(i.__0vprintf$1) refers to basic_io.o(.text) for fputc
    printf1.o(i.__0vprintf$1) refers to stdout.o(.data) for __stdout
    printf1.o(i.__0vsnprintf$1) refers to printf1.o(i._printf_core) for _printf_core
    printf1.o(i.__0vsnprintf$1) refers to printf1.o(i._snputc) for _snputc
    printf1.o(i.__0vsprintf$1) refers to printf1.o(i._printf_core) for _printf_core
    printf1.o(i.__0vsprintf$1) refers to printf1.o(i._sputc) for _sputc
    printf1.o(i._printf_core) refers to uidiv.o(.text) for __aeabi_uidivmod
    printf2.o(i.__0fprintf$2) refers to printf2.o(i._printf_core) for _printf_core
    printf2.o(i.__0fprintf$2) refers to basic_io.o(.text) for fputc
    printf2.o(i.__0printf$2) refers to printf2.o(i._printf_core) for _printf_core
    printf2.o(i.__0printf$2) refers to basic_io.o(.text) for fputc
    printf2.o(i.__0printf$2) refers to stdout.o(.data) for __stdout
    printf2.o(i.__0snprintf$2) refers to printf2.o(i._printf_core) for _printf_core
    printf2.o(i.__0snprintf$2) refers to printf2.o(i._snputc) for _snputc
    printf2.o(i.__0sprintf$2) refers to printf2.o(i._printf_core) for _printf_core
    printf2.o(i.__0sprintf$2) refers to printf2.o(i._sputc) for _sputc
    printf2.o(i.__0vfprintf$2) refers to printf2.o(i._printf_core) for _printf_core
    printf2.o(i.__0vfprintf$2) refers to basic_io.o(.text) for fputc
    printf2.o(i.__0vprintf$2) refers to printf2.o(i._printf_core) for _printf_core
    printf2.o(i.__0vprintf$2) refers to basic_io.o(.text) for fputc
    printf2.o(i.__0vprintf$2) refers to stdout.o(.data) for __stdout
    printf2.o(i.__0vsnprintf$2) refers to printf2.o(i._printf_core) for _printf_core
    printf2.o(i.__0vsnprintf$2) refers to printf2.o(i._snputc) for _snputc
    printf2.o(i.__0vsprintf$2) refers to printf2.o(i._printf_core) for _printf_core
    printf2.o(i.__0vsprintf$2) refers to printf2.o(i._sputc) for _sputc
    printf3.o(i.__0fprintf$3) refers to printf3.o(i._printf_core) for _printf_core
    printf3.o(i.__0fprintf$3) refers to basic_io.o(.text) for fputc
    printf3.o(i.__0printf$3) refers to printf3.o(i._printf_core) for _printf_core
    printf3.o(i.__0printf$3) refers to basic_io.o(.text) for fputc
    printf3.o(i.__0printf$3) refers to stdout.o(.data) for __stdout
    printf3.o(i.__0snprintf$3) refers to printf3.o(i._printf_core) for _printf_core
    printf3.o(i.__0snprintf$3) refers to printf3.o(i._snputc) for _snputc
    printf3.o(i.__0sprintf$3) refers to printf3.o(i._printf_core) for _printf_core
    printf3.o(i.__0sprintf$3) refers to printf3.o(i._sputc) for _sputc
    printf3.o(i.__0vfprintf$3) refers to printf3.o(i._printf_core) for _printf_core
    printf3.o(i.__0vfprintf$3) refers to basic_io.o(.text) for fputc
    printf3.o(i.__0vprintf$3) refers to printf3.o(i._printf_core) for _printf_core
    printf3.o(i.__0vprintf$3) refers to basic_io.o(.text) for fputc
    printf3.o(i.__0vprintf$3) refers to stdout.o(.data) for __stdout
    printf3.o(i.__0vsnprintf$3) refers to printf3.o(i._printf_core) for _printf_core
    printf3.o(i.__0vsnprintf$3) refers to printf3.o(i._snputc) for _snputc
    printf3.o(i.__0vsprintf$3) refers to printf3.o(i._printf_core) for _printf_core
    printf3.o(i.__0vsprintf$3) refers to printf3.o(i._sputc) for _sputc
    printf3.o(i._printf_core) refers to uidiv.o(.text) for __aeabi_uidivmod
    printf4.o(i.__0fprintf$4) refers to printf4.o(i._printf_core) for _printf_core
    printf4.o(i.__0fprintf$4) refers to basic_io.o(.text) for fputc
    printf4.o(i.__0printf$4) refers to printf4.o(i._printf_core) for _printf_core
    printf4.o(i.__0printf$4) refers to basic_io.o(.text) for fputc
    printf4.o(i.__0printf$4) refers to stdout.o(.data) for __stdout
    printf4.o(i.__0snprintf$4) refers to printf4.o(i._printf_core) for _printf_core
    printf4.o(i.__0snprintf$4) refers to printf4.o(i._snputc) for _snputc
    printf4.o(i.__0sprintf$4) refers to printf4.o(i._printf_core) for _printf_core
    printf4.o(i.__0sprintf$4) refers to printf4.o(i._sputc) for _sputc
    printf4.o(i.__0vfprintf$4) refers to printf4.o(i._printf_core) for _printf_core
    printf4.o(i.__0vfprintf$4) refers to basic_io.o(.text) for fputc
    printf4.o(i.__0vprintf$4) refers to printf4.o(i._printf_core) for _printf_core
    printf4.o(i.__0vprintf$4) refers to basic_io.o(.text) for fputc
    printf4.o(i.__0vprintf$4) refers to stdout.o(.data) for __stdout
    printf4.o(i.__0vsnprintf$4) refers to printf4.o(i._printf_core) for _printf_core
    printf4.o(i.__0vsnprintf$4) refers to printf4.o(i._snputc) for _snputc
    printf4.o(i.__0vsprintf$4) refers to printf4.o(i._printf_core) for _printf_core
    printf4.o(i.__0vsprintf$4) refers to printf4.o(i._sputc) for _sputc
    printf4.o(i._printf_core) refers to uldiv.o(.text) for __aeabi_uldivmod
    printf5.o(i.__0fprintf$5) refers to printf5.o(i._printf_core) for _printf_core
    printf5.o(i.__0fprintf$5) refers to basic_io.o(.text) for fputc
    printf5.o(i.__0printf$5) refers to printf5.o(i._printf_core) for _printf_core
    printf5.o(i.__0printf$5) refers to basic_io.o(.text) for fputc
    printf5.o(i.__0printf$5) refers to stdout.o(.data) for __stdout
    printf5.o(i.__0snprintf$5) refers to printf5.o(i._printf_core) for _printf_core
    printf5.o(i.__0snprintf$5) refers to printf5.o(i._snputc) for _snputc
    printf5.o(i.__0sprintf$5) refers to printf5.o(i._printf_core) for _printf_core
    printf5.o(i.__0sprintf$5) refers to printf5.o(i._sputc) for _sputc
    printf5.o(i.__0vfprintf$5) refers to printf5.o(i._printf_core) for _printf_core
    printf5.o(i.__0vfprintf$5) refers to basic_io.o(.text) for fputc
    printf5.o(i.__0vprintf$5) refers to printf5.o(i._printf_core) for _printf_core
    printf5.o(i.__0vprintf$5) refers to basic_io.o(.text) for fputc
    printf5.o(i.__0vprintf$5) refers to stdout.o(.data) for __stdout
    printf5.o(i.__0vsnprintf$5) refers to printf5.o(i._printf_core) for _printf_core
    printf5.o(i.__0vsnprintf$5) refers to printf5.o(i._snputc) for _snputc
    printf5.o(i.__0vsprintf$5) refers to printf5.o(i._printf_core) for _printf_core
    printf5.o(i.__0vsprintf$5) refers to printf5.o(i._sputc) for _sputc
    printf5.o(i._printf_core) refers to uldiv.o(.text) for __aeabi_uldivmod
    printf6.o(i.__0fprintf$6) refers to printf6.o(i._printf_core) for _printf_core
    printf6.o(i.__0fprintf$6) refers to basic_io.o(.text) for fputc
    printf6.o(i.__0printf$6) refers to printf6.o(i._printf_core) for _printf_core
    printf6.o(i.__0printf$6) refers to basic_io.o(.text) for fputc
    printf6.o(i.__0printf$6) refers to stdout.o(.data) for __stdout
    printf6.o(i.__0snprintf$6) refers to printf6.o(i._printf_core) for _printf_core
    printf6.o(i.__0snprintf$6) refers to printf6.o(i._snputc) for _snputc
    printf6.o(i.__0sprintf$6) refers to printf6.o(i._printf_core) for _printf_core
    printf6.o(i.__0sprintf$6) refers to printf6.o(i._sputc) for _sputc
    printf6.o(i.__0vfprintf$6) refers to printf6.o(i._printf_core) for _printf_core
    printf6.o(i.__0vfprintf$6) refers to basic_io.o(.text) for fputc
    printf6.o(i.__0vprintf$6) refers to printf6.o(i._printf_core) for _printf_core
    printf6.o(i.__0vprintf$6) refers to basic_io.o(.text) for fputc
    printf6.o(i.__0vprintf$6) refers to stdout.o(.data) for __stdout
    printf6.o(i.__0vsnprintf$6) refers to printf6.o(i._printf_core) for _printf_core
    printf6.o(i.__0vsnprintf$6) refers to printf6.o(i._snputc) for _snputc
    printf6.o(i.__0vsprintf$6) refers to printf6.o(i._printf_core) for _printf_core
    printf6.o(i.__0vsprintf$6) refers to printf6.o(i._sputc) for _sputc
    printf6.o(i._printf_core) refers to printf6.o(i._printf_pre_padding) for _printf_pre_padding
    printf6.o(i._printf_core) refers to uidiv.o(.text) for __aeabi_uidivmod
    printf6.o(i._printf_core) refers to printf6.o(i._printf_post_padding) for _printf_post_padding
    printf7.o(i.__0fprintf$7) refers to printf7.o(i._printf_core) for _printf_core
    printf7.o(i.__0fprintf$7) refers to basic_io.o(.text) for fputc
    printf7.o(i.__0printf$7) refers to printf7.o(i._printf_core) for _printf_core
    printf7.o(i.__0printf$7) refers to basic_io.o(.text) for fputc
    printf7.o(i.__0printf$7) refers to stdout.o(.data) for __stdout
    printf7.o(i.__0snprintf$7) refers to printf7.o(i._printf_core) for _printf_core
    printf7.o(i.__0snprintf$7) refers to printf7.o(i._snputc) for _snputc
    printf7.o(i.__0sprintf$7) refers to printf7.o(i._printf_core) for _printf_core
    printf7.o(i.__0sprintf$7) refers to printf7.o(i._sputc) for _sputc
    printf7.o(i.__0vfprintf$7) refers to printf7.o(i._printf_core) for _printf_core
    printf7.o(i.__0vfprintf$7) refers to basic_io.o(.text) for fputc
    printf7.o(i.__0vprintf$7) refers to printf7.o(i._printf_core) for _printf_core
    printf7.o(i.__0vprintf$7) refers to basic_io.o(.text) for fputc
    printf7.o(i.__0vprintf$7) refers to stdout.o(.data) for __stdout
    printf7.o(i.__0vsnprintf$7) refers to printf7.o(i._printf_core) for _printf_core
    printf7.o(i.__0vsnprintf$7) refers to printf7.o(i._snputc) for _snputc
    printf7.o(i.__0vsprintf$7) refers to printf7.o(i._printf_core) for _printf_core
    printf7.o(i.__0vsprintf$7) refers to printf7.o(i._sputc) for _sputc
    printf7.o(i._printf_core) refers to printf7.o(i._printf_pre_padding) for _printf_pre_padding
    printf7.o(i._printf_core) refers to uldiv.o(.text) for __aeabi_uldivmod
    printf7.o(i._printf_core) refers to printf7.o(i._printf_post_padding) for _printf_post_padding
    printf8.o(i.__0fprintf$8) refers to printf8.o(i._printf_core) for _printf_core
    printf8.o(i.__0fprintf$8) refers to basic_io.o(.text) for fputc
    printf8.o(i.__0printf$8) refers to printf8.o(i._printf_core) for _printf_core
    printf8.o(i.__0printf$8) refers to basic_io.o(.text) for fputc
    printf8.o(i.__0printf$8) refers to stdout.o(.data) for __stdout
    printf8.o(i.__0snprintf$8) refers to printf8.o(i._printf_core) for _printf_core
    printf8.o(i.__0snprintf$8) refers to printf8.o(i._snputc) for _snputc
    printf8.o(i.__0sprintf$8) refers to printf8.o(i._printf_core) for _printf_core
    printf8.o(i.__0sprintf$8) refers to printf8.o(i._sputc) for _sputc
    printf8.o(i.__0vfprintf$8) refers to printf8.o(i._printf_core) for _printf_core
    printf8.o(i.__0vfprintf$8) refers to basic_io.o(.text) for fputc
    printf8.o(i.__0vprintf$8) refers to printf8.o(i._printf_core) for _printf_core
    printf8.o(i.__0vprintf$8) refers to basic_io.o(.text) for fputc
    printf8.o(i.__0vprintf$8) refers to stdout.o(.data) for __stdout
    printf8.o(i.__0vsnprintf$8) refers to printf8.o(i._printf_core) for _printf_core
    printf8.o(i.__0vsnprintf$8) refers to printf8.o(i._snputc) for _snputc
    printf8.o(i.__0vsprintf$8) refers to printf8.o(i._printf_core) for _printf_core
    printf8.o(i.__0vsprintf$8) refers to printf8.o(i._sputc) for _sputc
    printf8.o(i._printf_core) refers to printf8.o(i._printf_pre_padding) for _printf_pre_padding
    printf8.o(i._printf_core) refers to uldiv.o(.text) for __aeabi_uldivmod
    printf8.o(i._printf_core) refers to printf8.o(i._printf_post_padding) for _printf_post_padding
    printfa.o(i.__0fprintf) refers (Special) to iusefp.o(.text) for __I$use$fp
    printfa.o(i.__0fprintf) refers to printfa.o(i._printf_core) for _printf_core
    printfa.o(i.__0fprintf) refers to basic_io.o(.text) for fputc
    printfa.o(i.__0printf) refers (Special) to iusefp.o(.text) for __I$use$fp
    printfa.o(i.__0printf) refers to printfa.o(i._printf_core) for _printf_core
    printfa.o(i.__0printf) refers to basic_io.o(.text) for fputc
    printfa.o(i.__0printf) refers to stdout.o(.data) for __stdout
    printfa.o(i.__0snprintf) refers (Special) to iusefp.o(.text) for __I$use$fp
    printfa.o(i.__0snprintf) refers to printfa.o(i._printf_core) for _printf_core
    printfa.o(i.__0snprintf) refers to printfa.o(i._snputc) for _snputc
    printfa.o(i.__0sprintf) refers (Special) to iusefp.o(.text) for __I$use$fp
    printfa.o(i.__0sprintf) refers to printfa.o(i._printf_core) for _printf_core
    printfa.o(i.__0sprintf) refers to printfa.o(i._sputc) for _sputc
    printfa.o(i.__0vfprintf) refers (Special) to iusefp.o(.text) for __I$use$fp
    printfa.o(i.__0vfprintf) refers to printfa.o(i._printf_core) for _printf_core
    printfa.o(i.__0vfprintf) refers to basic_io.o(.text) for fputc
    printfa.o(i.__0vprintf) refers (Special) to iusefp.o(.text) for __I$use$fp
    printfa.o(i.__0vprintf) refers to printfa.o(i._printf_core) for _printf_core
    printfa.o(i.__0vprintf) refers to basic_io.o(.text) for fputc
    printfa.o(i.__0vprintf) refers to stdout.o(.data) for __stdout
    printfa.o(i.__0vsnprintf) refers (Special) to iusefp.o(.text) for __I$use$fp
    printfa.o(i.__0vsnprintf) refers to printfa.o(i._printf_core) for _printf_core
    printfa.o(i.__0vsnprintf) refers to printfa.o(i._snputc) for _snputc
    printfa.o(i.__0vsprintf) refers (Special) to iusefp.o(.text) for __I$use$fp
    printfa.o(i.__0vsprintf) refers to printfa.o(i._printf_core) for _printf_core
    printfa.o(i.__0vsprintf) refers to printfa.o(i._sputc) for _sputc
    printfa.o(i._fp_digits) refers (Special) to iusefp.o(.text) for __I$use$fp
    printfa.o(i._fp_digits) refers to dmul.o(.text) for __aeabi_dmul
    printfa.o(i._fp_digits) refers to ddiv.o(.text) for __aeabi_ddiv
    printfa.o(i._fp_digits) refers to cdrcmple.o(.text) for __aeabi_cdrcmple
    printfa.o(i._fp_digits) refers to dadd.o(.text) for __aeabi_dadd
    printfa.o(i._fp_digits) refers to dfixul.o(.text) for __aeabi_d2ulz
    printfa.o(i._fp_digits) refers to uldiv.o(.text) for __aeabi_uldivmod
    printfa.o(i._printf_core) refers (Special) to iusefp.o(.text) for __I$use$fp
    printfa.o(i._printf_core) refers to printfa.o(i._printf_pre_padding) for _printf_pre_padding
    printfa.o(i._printf_core) refers to uldiv.o(.text) for __aeabi_uldivmod
    printfa.o(i._printf_core) refers to printfa.o(i._printf_post_padding) for _printf_post_padding
    printfa.o(i._printf_core) refers to printfa.o(i._fp_digits) for _fp_digits
    printfa.o(i._printf_core) refers to uidiv.o(.text) for __aeabi_uidivmod
    printfa.o(i._printf_post_padding) refers (Special) to iusefp.o(.text) for __I$use$fp
    printfa.o(i._printf_pre_padding) refers (Special) to iusefp.o(.text) for __I$use$fp
    printfa.o(i._snputc) refers (Special) to iusefp.o(.text) for __I$use$fp
    printfa.o(i._sputc) refers (Special) to iusefp.o(.text) for __I$use$fp
    malloc.o(i.free) refers to mvars.o(.data) for __microlib_freelist
    malloc.o(i.malloc) refers to mvars.o(.data) for __microlib_freelist_initialised
    malloc.o(i.malloc) refers to mvars.o(.data) for __microlib_freelist
    malloc.o(i.malloc) refers to startup_mps_cm3.o(HEAP) for __heap_base
    mallocr.o(i.__free$realloc) refers to mvars.o(.data) for __microlib_freelist
    mallocr.o(i.__malloc$realloc) refers to mallocr.o(i.internal_alloc) for internal_alloc
    mallocr.o(i.__malloc$realloc) refers to mvars.o(.data) for __microlib_freelist_initialised
    mallocr.o(i.__malloc$realloc) refers to startup_mps_cm3.o(HEAP) for __heap_base
    mallocr.o(i.__malloc$realloc) refers to mvars.o(.data) for __microlib_freelist
    mallocr.o(i.internal_alloc) refers to memcpya.o(.text) for __aeabi_memcpy
    mallocr.o(i.internal_alloc) refers to mvars.o(.data) for __microlib_freelist
    mallocr.o(i.realloc) refers to mallocr.o(i.__free$realloc) for free
    mallocr.o(i.realloc) refers to mallocr.o(i.internal_alloc) for internal_alloc
    mallocr.o(i.realloc) refers to mallocr.o(i.__malloc$realloc) for malloc
    mallocr.o(i.realloc) refers to mvars.o(.data) for __microlib_freelist
    malloca.o(i.__aligned_malloc) refers to mvars.o(.data) for __microlib_freelist_initialised
    malloca.o(i.__aligned_malloc) refers to mvars.o(.data) for __microlib_freelist
    malloca.o(i.__aligned_malloc) refers to startup_mps_cm3.o(HEAP) for __heap_base
    malloca.o(i.__free$memalign) refers to mvars.o(.data) for __microlib_freelist
    malloca.o(i.__malloc$memalign) refers to malloca.o(i.__aligned_malloc) for __aligned_malloc
    mallocra.o(i.__aligned_malloc$realloc) refers to mallocra.o(i.internal_alloc) for internal_alloc
    mallocra.o(i.__aligned_malloc$realloc) refers to mvars.o(.data) for __microlib_freelist_initialised
    mallocra.o(i.__aligned_malloc$realloc) refers to startup_mps_cm3.o(HEAP) for __heap_base
    mallocra.o(i.__aligned_malloc$realloc) refers to mvars.o(.data) for __microlib_freelist
    mallocra.o(i.__free$realloc$memalign) refers to mvars.o(.data) for __microlib_freelist
    mallocra.o(i.__malloc$realloc$memalign) refers to mallocra.o(i.__aligned_malloc$realloc) for __aligned_malloc$realloc
    mallocra.o(i.__realloc$memalign) refers to mallocra.o(i.__free$realloc$memalign) for __free$realloc$memalign
    mallocra.o(i.__realloc$memalign) refers to mallocra.o(i.internal_alloc) for internal_alloc
    mallocra.o(i.__realloc$memalign) refers to mallocra.o(i.__malloc$realloc$memalign) for __malloc$realloc$memalign
    mallocra.o(i.__realloc$memalign) refers to mvars.o(.data) for __microlib_freelist
    mallocra.o(i.internal_alloc) refers to memcpya.o(.text) for __aeabi_memcpy
    mallocra.o(i.internal_alloc) refers to mvars.o(.data) for __microlib_freelist
    fadd.o(.text) refers (Special) to iusefp.o(.text) for __I$use$fp
    fadd.o(.text) refers to fepilogue.o(.text) for _float_epilogue
    fflti.o(.text) refers (Special) to iusefp.o(.text) for __I$use$fp
    fflti.o(.text) refers to fepilogue.o(.text) for _float_epilogue
    f2d.o(.text) refers (Special) to iusefp.o(.text) for __I$use$fp
    cdcmple.o(.text) refers (Special) to iusefp.o(.text) for __I$use$fp
    entry2.o(.ARM.Collect$$$$00000001) refers to entry2.o(.ARM.Collect$$$$00002712) for __lit__00000000
    entry2.o(.ARM.Collect$$$$00002712) refers to startup_mps_cm3.o(STACK) for __initial_sp
    entry2.o(__vectab_stack_and_reset_area) refers to startup_mps_cm3.o(STACK) for __initial_sp
    entry2.o(__vectab_stack_and_reset_area) refers to entry.o(.ARM.Collect$$$$00000000) for __main
    entry5.o(.ARM.Collect$$$$00000004) refers to init.o(.text) for __scatterload
    entry9a.o(.ARM.Collect$$$$0000000B) refers to main.o(.text) for main
    entry9b.o(.ARM.Collect$$$$0000000C) refers to main.o(.text) for main
    uldiv.o(.text) refers to llushr.o(.text) for __aeabi_llsr
    uldiv.o(.text) refers to llshl.o(.text) for __aeabi_llsl
    dadd.o(.text) refers to llshl.o(.text) for __aeabi_llsl
    dadd.o(.text) refers to llsshr.o(.text) for __aeabi_lasr
    dadd.o(.text) refers to depilogue.o(.text) for _double_epilogue
    dmul.o(.text) refers to depilogue.o(.text) for _double_epilogue
    ddiv.o(.text) refers to depilogue.o(.text) for _double_round
    dfixul.o(.text) refers to llushr.o(.text) for __aeabi_llsr
    dfixul.o(.text) refers to llshl.o(.text) for __aeabi_llsl
    init.o(.text) refers to entry5.o(.ARM.Collect$$$$00000004) for __main_after_scatterload
    depilogue.o(.text) refers to llshl.o(.text) for __aeabi_llsl
    depilogue.o(.text) refers to llushr.o(.text) for __aeabi_llsr


==============================================================================

Removing Unused input sections from the image.

    Removing queue.o(.text), (1106 bytes).
    Removing dadd.o(.text), (334 bytes).
    Removing dmul.o(.text), (228 bytes).
    Removing ddiv.o(.text), (222 bytes).
    Removing dfixul.o(.text), (48 bytes).
    Removing cdrcmple.o(.text), (48 bytes).
    Removing depilogue.o(.text), (186 bytes).

7 unused section(s) (total 2172 bytes) removed from the image.

==============================================================================

Image Symbol Table

    Local Symbols

    Symbol Name                              Value     Ov Type        Size  Object(Section)

    RESET                                    0x00000000   Section      192  startup_mps_cm3.o(RESET)
    ../clib/microlib/division.c              0x00000000   Number         0  uldiv.o ABSOLUTE
    ../clib/microlib/division.c              0x00000000   Number         0  uidiv.o ABSOLUTE
    ../clib/microlib/init/entry.s            0x00000000   Number         0  entry9b.o ABSOLUTE
    ../clib/microlib/init/entry.s            0x00000000   Number         0  entry8a.o ABSOLUTE
    ../clib/microlib/init/entry.s            0x00000000   Number         0  entry10b.o ABSOLUTE
    ../clib/microlib/init/entry.s            0x00000000   Number         0  entry10a.o ABSOLUTE
    ../clib/microlib/init/entry.s            0x00000000   Number         0  entry9a.o ABSOLUTE
    ../clib/microlib/init/entry.s            0x00000000   Number         0  entry7a.o ABSOLUTE
    ../clib/microlib/init/entry.s            0x00000000   Number         0  entry7b.o ABSOLUTE
    ../clib/microlib/init/entry.s            0x00000000   Number         0  entry11b.o ABSOLUTE
    ../clib/microlib/init/entry.s            0x00000000   Number         0  entry8b.o ABSOLUTE
    ../clib/microlib/init/entry.s            0x00000000   Number         0  entry11a.o ABSOLUTE
    ../clib/microlib/init/entry.s            0x00000000   Number         0  entry.o ABSOLUTE
    ../clib/microlib/init/entry.s            0x00000000   Number         0  entry5.o ABSOLUTE
    ../clib/microlib/init/entry.s            0x00000000   Number         0  entry2.o ABSOLUTE
    ../clib/microlib/longlong.c              0x00000000   Number         0  llsshr.o ABSOLUTE
    ../clib/microlib/longlong.c              0x00000000   Number         0  llushr.o ABSOLUTE
    ../clib/microlib/longlong.c              0x00000000   Number         0  llshl.o ABSOLUTE
    ../clib/microlib/malloc/malloc.c         0x00000000   Number         0  mallocra.o ABSOLUTE
    ../clib/microlib/malloc/malloc.c         0x00000000   Number         0  malloc.o ABSOLUTE
    ../clib/microlib/malloc/malloc.c         0x00000000   Number         0  mallocr.o ABSOLUTE
    ../clib/microlib/malloc/malloc.c         0x00000000   Number         0  malloca.o ABSOLUTE
    ../clib/microlib/malloc/mvars.c          0x00000000   Number         0  mvars.o ABSOLUTE
    ../clib/microlib/printf/printf.c         0x00000000   Number         0  printf5.o ABSOLUTE
    ../clib/microlib/printf/printf.c         0x00000000   Number         0  printf7.o ABSOLUTE
    ../clib/microlib/printf/printf.c         0x00000000   Number         0  printf8.o ABSOLUTE
    ../clib/microlib/printf/printf.c         0x00000000   Number         0  printfa.o ABSOLUTE
    ../clib/microlib/printf/printf.c         0x00000000   Number         0  printf1.o ABSOLUTE
    ../clib/microlib/printf/printf.c         0x00000000   Number         0  printf0.o ABSOLUTE
    ../clib/microlib/printf/printf.c         0x00000000   Number         0  printfb.o ABSOLUTE
    ../clib/microlib/printf/printf.c         0x00000000   Number         0  printf2.o ABSOLUTE
    ../clib/microlib/printf/printf.c         0x00000000   Number         0  printf4.o ABSOLUTE
    ../clib/microlib/printf/printf.c         0x00000000   Number         0  printf3.o ABSOLUTE
    ../clib/microlib/printf/printf.c         0x00000000   Number         0  printf6.o ABSOLUTE
    ../clib/microlib/printf/stubs.s          0x00000000   Number         0  stubs.o ABSOLUTE
    ../clib/microlib/stdio/streams.c         0x00000000   Number         0  stdout.o ABSOLUTE
    ../clib/microlib/stdlib/rand.c           0x00000000   Number         0  rand.o ABSOLUTE
    ../clib/microlib/string/memcpy.c         0x00000000   Number         0  memcpya.o ABSOLUTE
    ../clib/microlib/string/memcpy.c         0x00000000   Number         0  memcpyb.o ABSOLUTE
    ../clib/microlib/string/memset.c         0x00000000   Number         0  memseta.o ABSOLUTE
    ../clib/microlib/string/strlen.c         0x00000000   Number         0  strlen.o ABSOLUTE
    ../clib/microlib/string/strncpy.c        0x00000000   Number         0  strncpy.o ABSOLUTE
    ../clib/microlib/stubs.s                 0x00000000   Number         0  iusefp.o ABSOLUTE
    ../fplib/microlib/f2d.c                  0x00000000   Number         0  f2d.o ABSOLUTE
    ../fplib/microlib/fpadd.c                0x00000000   Number         0  dadd.o ABSOLUTE
    ../fplib/microlib/fpadd.c                0x00000000   Number         0  fadd.o ABSOLUTE
    ../fplib/microlib/fpdiv.c                0x00000000   Number         0  ddiv.o ABSOLUTE
    ../fplib/microlib/fpepilogue.c           0x00000000   Number         0  fepilogue.o ABSOLUTE
    ../fplib/microlib/fpepilogue.c           0x00000000   Number         0  depilogue.o ABSOLUTE
    ../fplib/microlib/fpfix.c                0x00000000   Number         0  dfixul.o ABSOLUTE
    ../fplib/microlib/fpflt.c                0x00000000   Number         0  fflti.o ABSOLUTE
    ../fplib/microlib/fpmul.c                0x00000000   Number         0  dmul.o ABSOLUTE
    ..\..\FreeRTOS-Source\demo_code\basic_io.c 0x00000000   Number         0  basic_io.o ABSOLUTE
    ..\..\FreeRTOS-Source\list.c             0x00000000   Number         0  list.o ABSOLUTE
    ..\..\FreeRTOS-Source\portable\MemMang\heap_2.c 0x00000000   Number         0  heap_2.o ABSOLUTE
    ..\..\FreeRTOS-Source\portable\RVDS\ARM_CM3\port.c 0x00000000   Number         0  port.o ABSOLUTE
    ..\..\FreeRTOS-Source\queue.c            0x00000000   Number         0  queue.o ABSOLUTE
    ..\..\FreeRTOS-Source\tasks.c            0x00000000   Number         0  tasks.o ABSOLUTE
    ..\\..\\FreeRTOS-Source\\portable\\RVDS\\ARM_CM3\\port.c 0x00000000   Number         0  port.o ABSOLUTE
    cdcmple.s                                0x00000000   Number         0  cdcmple.o ABSOLUTE
    cdrcmple.s                               0x00000000   Number         0  cdrcmple.o ABSOLUTE
    dc.s                                     0x00000000   Number         0  dc.o ABSOLUTE
    handlers.s                               0x00000000   Number         0  handlers.o ABSOLUTE
    init.s                                   0x00000000   Number         0  init.o ABSOLUTE
    main.c                                   0x00000000   Number         0  main.o ABSOLUTE
    startup_MPS_CM3.s                        0x00000000   Number         0  startup_mps_cm3.o ABSOLUTE
    .ARM.Collect$$$$00000000                 0x000000c0   Section        0  entry.o(.ARM.Collect$$$$00000000)
    .ARM.Collect$$$$00000001                 0x000000c0   Section        4  entry2.o(.ARM.Collect$$$$00000001)
    .ARM.Collect$$$$00000004                 0x000000c4   Section        4  entry5.o(.ARM.Collect$$$$00000004)
    .ARM.Collect$$$$00000008                 0x000000c8   Section        0  entry7b.o(.ARM.Collect$$$$00000008)
    .ARM.Collect$$$$0000000A                 0x000000c8   Section        0  entry8b.o(.ARM.Collect$$$$0000000A)
    .ARM.Collect$$$$0000000B                 0x000000c8   Section        8  entry9a.o(.ARM.Collect$$$$0000000B)
    .ARM.Collect$$$$0000000D                 0x000000d0   Section        0  entry10a.o(.ARM.Collect$$$$0000000D)
    .ARM.Collect$$$$0000000F                 0x000000d0   Section        0  entry11a.o(.ARM.Collect$$$$0000000F)
    .ARM.Collect$$$$00002712                 0x000000d0   Section        4  entry2.o(.ARM.Collect$$$$00002712)
    __lit__00000000                          0x000000d0   Data           4  entry2.o(.ARM.Collect$$$$00002712)
    .emb_text                                0x000000d4   Section      136  port.o(.emb_text)
    .text                                    0x0000015c   Section        0  list.o(.text)
    .text                                    0x000001f0   Section        0  tasks.o(.text)
    prvInitialiseTaskLists                   0x000001f1   Thumb Code    70  tasks.o(.text)
    prvInitialiseTCBVariables                0x00000237   Thumb Code    68  tasks.o(.text)
    prvAllocateTCBAndStack                   0x0000027b   Thumb Code    58  tasks.o(.text)
    prvDeleteTCB                             0x0000090d   Thumb Code    18  tasks.o(.text)
    prvCheckTasksWaitingTermination          0x0000091f   Thumb Code    94  tasks.o(.text)
    prvIdleTask                              0x0000097d   Thumb Code    12  tasks.o(.text)
    .text                                    0x00000b98   Section        0  port.o(.text)
    prvSetupTimerInterrupt                   0x00000bb3   Thumb Code    14  port.o(.text)
    .text                                    0x00000c4c   Section        0  heap_2.o(.text)
    .text                                    0x00000d64   Section        0  main.o(.text)
    VTask                                    0x00000f83   Thumb Code   116  main.o(.text)
    DynamicScheduler                         0x00000ff7   Thumb Code   976  main.o(.text)
    .text                                    0x000017d8   Section        0  basic_io.o(.text)
    .text                                    0x00001830   Section       28  startup_mps_cm3.o(.text)
    .text                                    0x0000184c   Section        0  rand.o(.text)
    .text                                    0x00001870   Section        0  memcpya.o(.text)
    .text                                    0x00001894   Section        0  memseta.o(.text)
    .text                                    0x000018b8   Section        0  strncpy.o(.text)
    .text                                    0x000018d0   Section        0  strlen.o(.text)
    .text                                    0x000018de   Section        0  fadd.o(.text)
    .text                                    0x0000198e   Section        0  fflti.o(.text)
    .text                                    0x000019a0   Section        0  f2d.o(.text)
    .text                                    0x000019c8   Section       48  cdcmple.o(.text)
    .text                                    0x000019f8   Section        0  uidiv.o(.text)
    .text                                    0x00001a24   Section        0  iusefp.o(.text)
    .text                                    0x00001a24   Section        0  fepilogue.o(.text)
    .text                                    0x00001a94   Section       36  init.o(.text)
    i.__0printf$3                            0x00001ab8   Section        0  printf3.o(i.__0printf$3)
    i.__0sprintf$3                           0x00001ad8   Section        0  printf3.o(i.__0sprintf$3)
    i.__free$realloc                         0x00001b00   Section        0  mallocr.o(i.__free$realloc)
    i.__malloc$realloc                       0x00001b5c   Section        0  mallocr.o(i.__malloc$realloc)
    i.__scatterload_copy                     0x00001bac   Section       14  handlers.o(i.__scatterload_copy)
    i.__scatterload_null                     0x00001bba   Section        2  handlers.o(i.__scatterload_null)
    i.__scatterload_zeroinit                 0x00001bbc   Section       14  handlers.o(i.__scatterload_zeroinit)
    i._printf_core                           0x00001bcc   Section        0  printf3.o(i._printf_core)
    _printf_core                             0x00001bcd   Thumb Code   436  printf3.o(i._printf_core)
    i._sputc                                 0x00001d84   Section        0  printf3.o(i._sputc)
    _sputc                                   0x00001d85   Thumb Code    10  printf3.o(i._sputc)
    i.internal_alloc                         0x00001d90   Section        0  mallocr.o(i.internal_alloc)
    internal_alloc                           0x00001d91   Thumb Code    76  mallocr.o(i.internal_alloc)
    i.realloc                                0x00001de0   Section        0  mallocr.o(i.realloc)
    .data                                    0x20000000   Section       56  tasks.o(.data)
    pxDelayedTaskList                        0x20000004   Data           4  tasks.o(.data)
    pxOverflowDelayedTaskList                0x20000008   Data           4  tasks.o(.data)
    uxTasksDeleted                           0x2000000c   Data           4  tasks.o(.data)
    uxCurrentNumberOfTasks                   0x20000010   Data           4  tasks.o(.data)
    xTickCount                               0x20000014   Data           4  tasks.o(.data)
    uxTopUsedPriority                        0x20000018   Data           4  tasks.o(.data)
    uxTopReadyPriority                       0x2000001c   Data           4  tasks.o(.data)
    xSchedulerRunning                        0x20000020   Data           4  tasks.o(.data)
    uxSchedulerSuspended                     0x20000024   Data           4  tasks.o(.data)
    uxMissedTicks                            0x20000028   Data           4  tasks.o(.data)
    xMissedYield                             0x2000002c   Data           4  tasks.o(.data)
    xNumOfOverflows                          0x20000030   Data           4  tasks.o(.data)
    uxTaskNumber                             0x20000034   Data           4  tasks.o(.data)
    .data                                    0x20000038   Section        4  port.o(.data)
    uxCriticalNesting                        0x20000038   Data           4  port.o(.data)
    .data                                    0x2000003c   Section       24  heap_2.o(.data)
    xStart                                   0x2000003c   Data           8  heap_2.o(.data)
    xEnd                                     0x20000044   Data           8  heap_2.o(.data)
    xFreeBytesRemaining                      0x2000004c   Data           4  heap_2.o(.data)
    xHeapHasBeenInitialised                  0x20000050   Data           4  heap_2.o(.data)
    .data                                    0x20000054   Section       16  main.o(.data)
    .data                                    0x20000064   Section        4  rand.o(.data)
    _rand_state                              0x20000064   Data           4  rand.o(.data)
    .data                                    0x20000068   Section        4  stdout.o(.data)
    .data                                    0x2000006c   Section        4  mvars.o(.data)
    .data                                    0x20000070   Section        4  mvars.o(.data)
    .bss                                     0x20000074   Section      220  tasks.o(.bss)
    pxReadyTasksLists                        0x20000074   Data         120  tasks.o(.bss)
    xDelayedTaskList1                        0x200000ec   Data          20  tasks.o(.bss)
    xDelayedTaskList2                        0x20000100   Data          20  tasks.o(.bss)
    xPendingReadyList                        0x20000114   Data          20  tasks.o(.bss)
    xTasksWaitingTermination                 0x20000128   Data          20  tasks.o(.bss)
    xSuspendedTaskList                       0x2000013c   Data          20  tasks.o(.bss)
    .bss                                     0x20000150   Section    10240  heap_2.o(.bss)
    xHeap                                    0x20000150   Data       10240  heap_2.o(.bss)
    .bss                                     0x20002950   Section      220  main.o(.bss)
    HEAP                                     0x20002a30   Section     1024  startup_mps_cm3.o(HEAP)
    STACK                                    0x20002e30   Section      512  startup_mps_cm3.o(STACK)

    Global Symbols

    Symbol Name                              Value     Ov Type        Size  Object(Section)

    BuildAttributes$$THM_ISAv4$P$D$K$B$S$PE$A:L22UL41UL21$X:L11$S22US41US21$IEEE1$IW$USESV6$~STKCKD$USESV7$~SHL$OTIME$ROPI$EBA8$MICROLIB$REQ8$PRES8$EABIv2 0x00000000   Number         0  anon$$obj.o ABSOLUTE
    __ARM_use_no_argv                        0x00000000   Number         0  main.o ABSOLUTE
    __Vectors                                0x00000000   Data           4  startup_mps_cm3.o(RESET)
    _printf_a                                0x00000000   Number         0  stubs.o ABSOLUTE
    _printf_c                                0x00000000   Number         0  stubs.o ABSOLUTE
    _printf_charcount                        0x00000000   Number         0  stubs.o ABSOLUTE
    _printf_d                                0x00000000   Number         0  stubs.o ABSOLUTE
    _printf_e                                0x00000000   Number         0  stubs.o ABSOLUTE
    _printf_f                                0x00000000   Number         0  stubs.o ABSOLUTE
    _printf_flags                            0x00000000   Number         0  stubs.o ABSOLUTE
    _printf_fp_dec                           0x00000000   Number         0  stubs.o ABSOLUTE
    _printf_fp_hex                           0x00000000   Number         0  stubs.o ABSOLUTE
    _printf_g                                0x00000000   Number         0  stubs.o ABSOLUTE
    _printf_i                                0x00000000   Number         0  stubs.o ABSOLUTE
    _printf_int_dec                          0x00000000   Number         0  stubs.o ABSOLUTE
    _printf_l                                0x00000000   Number         0  stubs.o ABSOLUTE
    _printf_lc                               0x00000000   Number         0  stubs.o ABSOLUTE
    _printf_ll                               0x00000000   Number         0  stubs.o ABSOLUTE
    _printf_lld                              0x00000000   Number         0  stubs.o ABSOLUTE
    _printf_lli                              0x00000000   Number         0  stubs.o ABSOLUTE
    _printf_llo                              0x00000000   Number         0  stubs.o ABSOLUTE
    _printf_llu                              0x00000000   Number         0  stubs.o ABSOLUTE
    _printf_llx                              0x00000000   Number         0  stubs.o ABSOLUTE
    _printf_longlong_dec                     0x00000000   Number         0  stubs.o ABSOLUTE
    _printf_longlong_hex                     0x00000000   Number         0  stubs.o ABSOLUTE
    _printf_longlong_oct                     0x00000000   Number         0  stubs.o ABSOLUTE
    _printf_ls                               0x00000000   Number         0  stubs.o ABSOLUTE
    _printf_mbtowc                           0x00000000   Number         0  stubs.o ABSOLUTE
    _printf_n                                0x00000000   Number         0  stubs.o ABSOLUTE
    _printf_o                                0x00000000   Number         0  stubs.o ABSOLUTE
    _printf_p                                0x00000000   Number         0  stubs.o ABSOLUTE
    _printf_percent                          0x00000000   Number         0  stubs.o ABSOLUTE
    _printf_pre_padding                      0x00000000   Number         0  stubs.o ABSOLUTE
    _printf_return_value                     0x00000000   Number         0  stubs.o ABSOLUTE
    _printf_s                                0x00000000   Number         0  stubs.o ABSOLUTE
    _printf_sizespec                         0x00000000   Number         0  stubs.o ABSOLUTE
    _printf_str                              0x00000000   Number         0  stubs.o ABSOLUTE
    _printf_truncate_signed                  0x00000000   Number         0  stubs.o ABSOLUTE
    _printf_truncate_unsigned                0x00000000   Number         0  stubs.o ABSOLUTE
    _printf_u                                0x00000000   Number         0  stubs.o ABSOLUTE
    _printf_wc                               0x00000000   Number         0  stubs.o ABSOLUTE
    _printf_wctomb                           0x00000000   Number         0  stubs.o ABSOLUTE
    _printf_widthprec                        0x00000000   Number         0  stubs.o ABSOLUTE
    _printf_x                                0x00000000   Number         0  stubs.o ABSOLUTE
    __cpp_initialize__aeabi_                  - Undefined Weak Reference
    __cxa_finalize                            - Undefined Weak Reference
    __decompress                              - Undefined Weak Reference
    _clock_init                               - Undefined Weak Reference
    _microlib_exit                            - Undefined Weak Reference
    __main                                   0x000000c1   Thumb Code     0  entry.o(.ARM.Collect$$$$00000000)
    _main_stk                                0x000000c1   Thumb Code     0  entry2.o(.ARM.Collect$$$$00000001)
    _main_scatterload                        0x000000c5   Thumb Code     0  entry5.o(.ARM.Collect$$$$00000004)
    __main_after_scatterload                 0x000000c9   Thumb Code     0  entry5.o(.ARM.Collect$$$$00000004)
    _main_clock                              0x000000c9   Thumb Code     0  entry7b.o(.ARM.Collect$$$$00000008)
    _main_cpp_init                           0x000000c9   Thumb Code     0  entry8b.o(.ARM.Collect$$$$0000000A)
    _main_init                               0x000000c9   Thumb Code     0  entry9a.o(.ARM.Collect$$$$0000000B)
    __rt_final_cpp                           0x000000d1   Thumb Code     0  entry10a.o(.ARM.Collect$$$$0000000D)
    __rt_final_exit                          0x000000d1   Thumb Code     0  entry11a.o(.ARM.Collect$$$$0000000F)
    vPortSVCHandler                          0x000000d5   Thumb Code    28  port.o(.emb_text)
    vPortStartFirstTask                      0x000000f5   Thumb Code    12  port.o(.emb_text)
    xPortPendSVHandler                       0x00000105   Thumb Code    56  port.o(.emb_text)
    vPortSetInterruptMask                    0x00000141   Thumb Code    14  port.o(.emb_text)
    vPortClearInterruptMask                  0x0000014f   Thumb Code    14  port.o(.emb_text)
    vListInitialise                          0x0000015d   Thumb Code    26  list.o(.text)
    vListInitialiseItem                      0x00000177   Thumb Code     6  list.o(.text)
    vListInsertEnd                           0x0000017d   Thumb Code    28  list.o(.text)
    vListInsert                              0x00000199   Thumb Code    52  list.o(.text)
    vListRemove                              0x000001cd   Thumb Code    36  list.o(.text)
    xTaskGenericCreate                       0x000002b5   Thumb Code   240  tasks.o(.text)
    vTaskDelete                              0x000003a5   Thumb Code    94  tasks.o(.text)
    vTaskIncrementTick                       0x00000403   Thumb Code   160  tasks.o(.text)
    xTaskResumeAll                           0x000004a3   Thumb Code   186  tasks.o(.text)
    vTaskSuspendAll                          0x0000055d   Thumb Code    12  tasks.o(.text)
    vTaskDelayUntil                          0x00000569   Thumb Code   226  tasks.o(.text)
    vTaskDelay                               0x0000064b   Thumb Code    86  tasks.o(.text)
    uxTaskPriorityGet                        0x000006a1   Thumb Code    30  tasks.o(.text)
    vTaskPrioritySet                         0x000006bf   Thumb Code   150  tasks.o(.text)
    vTaskSwitchContext                       0x00000755   Thumb Code    92  tasks.o(.text)
    vTaskSuspend                             0x000007b1   Thumb Code    96  tasks.o(.text)
    xTaskIsTaskSuspended                     0x00000811   Thumb Code    60  tasks.o(.text)
    vTaskResume                              0x0000084d   Thumb Code    92  tasks.o(.text)
    xTaskResumeFromISR                       0x000008a9   Thumb Code   100  tasks.o(.text)
    vTaskStartScheduler                      0x00000989   Thumb Code    52  tasks.o(.text)
    vTaskEndScheduler                        0x000009bd   Thumb Code    18  tasks.o(.text)
    xTaskGetTickCount                        0x000009cf   Thumb Code    18  tasks.o(.text)
    xTaskGetTickCountFromISR                 0x000009e1   Thumb Code     6  tasks.o(.text)
    uxTaskGetNumberOfTasks                   0x000009e7   Thumb Code     6  tasks.o(.text)
    vTaskPlaceOnEventList                    0x000009ed   Thumb Code   168  tasks.o(.text)
    xTaskRemoveFromEventList                 0x00000a95   Thumb Code   106  tasks.o(.text)
    vTaskSetTimeOutState                     0x00000aff   Thumb Code    14  tasks.o(.text)
    xTaskCheckForTimeOut                     0x00000b0d   Thumb Code    92  tasks.o(.text)
    vTaskMissedYield                         0x00000b69   Thumb Code     8  tasks.o(.text)
    pxPortInitialiseStack                    0x00000b99   Thumb Code    26  port.o(.text)
    xPortStartScheduler                      0x00000bc1   Thumb Code    42  port.o(.text)
    vPortEndScheduler                        0x00000beb   Thumb Code     2  port.o(.text)
    vPortYieldFromISR                        0x00000bed   Thumb Code    12  port.o(.text)
    vPortEnterCritical                       0x00000bf9   Thumb Code    18  port.o(.text)
    vPortExitCritical                        0x00000c0b   Thumb Code    24  port.o(.text)
    xPortSysTickHandler                      0x00000c23   Thumb Code    28  port.o(.text)
    pvPortMalloc                             0x00000c4d   Thumb Code   194  heap_2.o(.text)
    vPortFree                                0x00000d0f   Thumb Code    56  heap_2.o(.text)
    xPortGetFreeHeapSize                     0x00000d47   Thumb Code     6  heap_2.o(.text)
    vPortInitialiseBlocks                    0x00000d4d   Thumb Code     2  heap_2.o(.text)
    printTasks                               0x00000d65   Thumb Code   116  main.o(.text)
    prioritize                               0x00000dd9   Thumb Code    94  main.o(.text)
    swap                                     0x00000e37   Thumb Code    42  main.o(.text)
    partition                                0x00000e61   Thumb Code   126  main.o(.text)
    quickSort                                0x00000edf   Thumb Code    52  main.o(.text)
    admit                                    0x00000f13   Thumb Code   112  main.o(.text)
    CreateTasks                              0x000013c7   Thumb Code    90  main.o(.text)
    InitTasks                                0x00001421   Thumb Code   676  main.o(.text)
    main                                     0x000016c5   Thumb Code   208  main.o(.text)
    vApplicationIdleHook                     0x00001795   Thumb Code     4  main.o(.text)
    vPrintString                             0x000017d9   Thumb Code    20  basic_io.o(.text)
    vPrintStringAndNumber                    0x000017ed   Thumb Code    26  basic_io.o(.text)
    fputc                                    0x00001807   Thumb Code    30  basic_io.o(.text)
    Reset_Handler                            0x00001831   Thumb Code     4  startup_mps_cm3.o(.text)
    NMI_Handler                              0x00001835   Thumb Code     2  startup_mps_cm3.o(.text)
    HardFault_Handler                        0x00001837   Thumb Code     2  startup_mps_cm3.o(.text)
    MemManage_Handler                        0x00001839   Thumb Code     2  startup_mps_cm3.o(.text)
    BusFault_Handler                         0x0000183b   Thumb Code     2  startup_mps_cm3.o(.text)
    UsageFault_Handler                       0x0000183d   Thumb Code     2  startup_mps_cm3.o(.text)
    SVC_Handler                              0x0000183f   Thumb Code     2  startup_mps_cm3.o(.text)
    DebugMon_Handler                         0x00001841   Thumb Code     2  startup_mps_cm3.o(.text)
    PendSV_Handler                           0x00001843   Thumb Code     2  startup_mps_cm3.o(.text)
    SysTick_Handler                          0x00001845   Thumb Code     2  startup_mps_cm3.o(.text)
    AACI_IRQHandler                          0x00001847   Thumb Code     0  startup_mps_cm3.o(.text)
    CAN_IRQHandler                           0x00001847   Thumb Code     0  startup_mps_cm3.o(.text)
    CHLCD_IRQHandler                         0x00001847   Thumb Code     0  startup_mps_cm3.o(.text)
    CLCD_IRQHandler                          0x00001847   Thumb Code     0  startup_mps_cm3.o(.text)
    CPU_CLCD_IRQHandler                      0x00001847   Thumb Code     0  startup_mps_cm3.o(.text)
    ENET_IRQHandler                          0x00001847   Thumb Code     0  startup_mps_cm3.o(.text)
    FLEXRAY_IRQHandler                       0x00001847   Thumb Code     0  startup_mps_cm3.o(.text)
    I2C_IRQHandler                           0x00001847   Thumb Code     0  startup_mps_cm3.o(.text)
    LIN_IRQHandler                           0x00001847   Thumb Code     0  startup_mps_cm3.o(.text)
    MCIA_IRQHandler                          0x00001847   Thumb Code     0  startup_mps_cm3.o(.text)
    MCIB_IRQHandler                          0x00001847   Thumb Code     0  startup_mps_cm3.o(.text)
    RTC_IRQHandler                           0x00001847   Thumb Code     0  startup_mps_cm3.o(.text)
    SPI_IRQHandler                           0x00001847   Thumb Code     0  startup_mps_cm3.o(.text)
    TIM0_IRQHandler                          0x00001847   Thumb Code     0  startup_mps_cm3.o(.text)
    TIM2_IRQHandler                          0x00001847   Thumb Code     0  startup_mps_cm3.o(.text)
    UART0_IRQHandler                         0x00001847   Thumb Code     0  startup_mps_cm3.o(.text)
    UART1_IRQHandler                         0x00001847   Thumb Code     0  startup_mps_cm3.o(.text)
    UART2_IRQHandler                         0x00001847   Thumb Code     0  startup_mps_cm3.o(.text)
    UART3_IRQHandler                         0x00001847   Thumb Code     0  startup_mps_cm3.o(.text)
    UART4_IRQHandler                         0x00001847   Thumb Code     0  startup_mps_cm3.o(.text)
    USBDC_IRQHandler                         0x00001847   Thumb Code     0  startup_mps_cm3.o(.text)
    USBHC_IRQHandler                         0x00001847   Thumb Code     0  startup_mps_cm3.o(.text)
    WDT_IRQHandler                           0x00001847   Thumb Code     0  startup_mps_cm3.o(.text)
    rand                                     0x0000184d   Thumb Code    20  rand.o(.text)
    srand                                    0x00001861   Thumb Code     6  rand.o(.text)
    __aeabi_memcpy                           0x00001871   Thumb Code    36  memcpya.o(.text)
    __aeabi_memcpy4                          0x00001871   Thumb Code     0  memcpya.o(.text)
    __aeabi_memcpy8                          0x00001871   Thumb Code     0  memcpya.o(.text)
    __aeabi_memset                           0x00001895   Thumb Code    14  memseta.o(.text)
    __aeabi_memset4                          0x00001895   Thumb Code     0  memseta.o(.text)
    __aeabi_memset8                          0x00001895   Thumb Code     0  memseta.o(.text)
    __aeabi_memclr                           0x000018a3   Thumb Code     4  memseta.o(.text)
    __aeabi_memclr4                          0x000018a3   Thumb Code     0  memseta.o(.text)
    __aeabi_memclr8                          0x000018a3   Thumb Code     0  memseta.o(.text)
    _memset$wrapper                          0x000018a7   Thumb Code    18  memseta.o(.text)
    strncpy                                  0x000018b9   Thumb Code    24  strncpy.o(.text)
    strlen                                   0x000018d1   Thumb Code    14  strlen.o(.text)
    __aeabi_fadd                             0x000018df   Thumb Code   164  fadd.o(.text)
    __aeabi_fsub                             0x00001983   Thumb Code     6  fadd.o(.text)
    __aeabi_frsub                            0x00001989   Thumb Code     6  fadd.o(.text)
    __aeabi_i2f                              0x0000198f   Thumb Code    18  fflti.o(.text)
    __aeabi_f2d                              0x000019a1   Thumb Code    38  f2d.o(.text)
    __aeabi_cdcmpeq                          0x000019c9   Thumb Code     0  cdcmple.o(.text)
    __aeabi_cdcmple                          0x000019c9   Thumb Code    48  cdcmple.o(.text)
    __aeabi_uidiv                            0x000019f9   Thumb Code     0  uidiv.o(.text)
    __aeabi_uidivmod                         0x000019f9   Thumb Code    44  uidiv.o(.text)
    __I$use$fp                               0x00001a25   Thumb Code     0  iusefp.o(.text)
    _float_round                             0x00001a25   Thumb Code    18  fepilogue.o(.text)
    _float_epilogue                          0x00001a37   Thumb Code    92  fepilogue.o(.text)
    __scatterload                            0x00001a95   Thumb Code    28  init.o(.text)
    __scatterload_rt2                        0x00001a95   Thumb Code     0  init.o(.text)
    __0printf$3                              0x00001ab9   Thumb Code    22  printf3.o(i.__0printf$3)
    __1printf$3                              0x00001ab9   Thumb Code     0  printf3.o(i.__0printf$3)
    __2printf                                0x00001ab9   Thumb Code     0  printf3.o(i.__0printf$3)
    __0sprintf$3                             0x00001ad9   Thumb Code    34  printf3.o(i.__0sprintf$3)
    __1sprintf$3                             0x00001ad9   Thumb Code     0  printf3.o(i.__0sprintf$3)
    __2sprintf                               0x00001ad9   Thumb Code     0  printf3.o(i.__0sprintf$3)
    free                                     0x00001b01   Thumb Code    88  mallocr.o(i.__free$realloc)
    malloc                                   0x00001b5d   Thumb Code    64  mallocr.o(i.__malloc$realloc)
    __scatterload_copy                       0x00001bad   Thumb Code    14  handlers.o(i.__scatterload_copy)
    __scatterload_null                       0x00001bbb   Thumb Code     2  handlers.o(i.__scatterload_null)
    __scatterload_zeroinit                   0x00001bbd   Thumb Code    14  handlers.o(i.__scatterload_zeroinit)
    realloc                                  0x00001de1   Thumb Code   102  mallocr.o(i.realloc)
    Region$$Table$$Base                      0x00001e4c   Number         0  anon$$obj.o(Region$$Table)
    Region$$Table$$Limit                     0x00001e6c   Number         0  anon$$obj.o(Region$$Table)
    pxCurrentTCB                             0x20000000   Data           4  tasks.o(.data)
    n                                        0x20000054   Data           4  main.o(.data)
    dTasks                                   0x20000058   Data           4  main.o(.data)
    ptr                                      0x2000005c   Data           4  main.o(.data)
    xTaskDynamicHandle                       0x20000060   Data           4  main.o(.data)
    __stdout                                 0x20000068   Data           4  stdout.o(.data)
    __microlib_freelist                      0x2000006c   Data           4  mvars.o(.data)
    __microlib_freelist_initialised          0x20000070   Data           4  mvars.o(.data)
    tasks                                    0x20002950   Data         220  main.o(.bss)
    __heap_base                              0x20002a30   Data           0  startup_mps_cm3.o(HEAP)
    __heap_limit                             0x20002e30   Data           0  startup_mps_cm3.o(HEAP)
    __initial_sp                             0x20003030   Data           0  startup_mps_cm3.o(STACK)



==============================================================================

Memory Map of the image

  Image Entry point : 0x000000c1

  Load Region LR_IROM1 (Base: 0x00000000, Size: 0x00001ee0, Max: 0x00040000, ABSOLUTE)

    Execution Region ER_IROM1 (Exec base: 0x00000000, Load base: 0x00000000, Size: 0x00001e6c, Max: 0x00040000, ABSOLUTE)

    Exec Addr    Load Addr    Size         Type   Attr      Idx    E Section Name        Object

    0x00000000   0x00000000   0x000000c0   Data   RO          191    RESET               startup_mps_cm3.o
    0x000000c0   0x000000c0   0x00000000   Code   RO          196  * .ARM.Collect$$$$00000000  mc_w.l(entry.o)
    0x000000c0   0x000000c0   0x00000004   Code   RO          509    .ARM.Collect$$$$00000001  mc_w.l(entry2.o)
    0x000000c4   0x000000c4   0x00000004   Code   RO          512    .ARM.Collect$$$$00000004  mc_w.l(entry5.o)
    0x000000c8   0x000000c8   0x00000000   Code   RO          514    .ARM.Collect$$$$00000008  mc_w.l(entry7b.o)
    0x000000c8   0x000000c8   0x00000000   Code   RO          516    .ARM.Collect$$$$0000000A  mc_w.l(entry8b.o)
    0x000000c8   0x000000c8   0x00000008   Code   RO          517    .ARM.Collect$$$$0000000B  mc_w.l(entry9a.o)
    0x000000d0   0x000000d0   0x00000000   Code   RO          519    .ARM.Collect$$$$0000000D  mc_w.l(entry10a.o)
    0x000000d0   0x000000d0   0x00000000   Code   RO          521    .ARM.Collect$$$$0000000F  mc_w.l(entry11a.o)
    0x000000d0   0x000000d0   0x00000004   Code   RO          510    .ARM.Collect$$$$00002712  mc_w.l(entry2.o)
    0x000000d4   0x000000d4   0x00000088   Code   RO           99    .emb_text           port.o
    0x0000015c   0x0000015c   0x00000094   Code   RO            1    .text               list.o
    0x000001f0   0x000001f0   0x000009a8   Code   RO           67    .text               tasks.o
    0x00000b98   0x00000b98   0x000000b4   Code   RO          100    .text               port.o
    0x00000c4c   0x00000c4c   0x00000118   Code   RO          121    .text               heap_2.o
    0x00000d64   0x00000d64   0x00000a74   Code   RO          136    .text               main.o
    0x000017d8   0x000017d8   0x00000058   Code   RO          174    .text               basic_io.o
    0x00001830   0x00001830   0x0000001c   Code   RO          192    .text               startup_mps_cm3.o
    0x0000184c   0x0000184c   0x00000024   Code   RO          199    .text               mc_w.l(rand.o)
    0x00001870   0x00001870   0x00000024   Code   RO          202    .text               mc_w.l(memcpya.o)
    0x00001894   0x00001894   0x00000024   Code   RO          204    .text               mc_w.l(memseta.o)
    0x000018b8   0x000018b8   0x00000018   Code   RO          206    .text               mc_w.l(strncpy.o)
    0x000018d0   0x000018d0   0x0000000e   Code   RO          208    .text               mc_w.l(strlen.o)
    0x000018de   0x000018de   0x000000b0   Code   RO          501    .text               mf_w.l(fadd.o)
    0x0000198e   0x0000198e   0x00000012   Code   RO          503    .text               mf_w.l(fflti.o)
    0x000019a0   0x000019a0   0x00000026   Code   RO          505    .text               mf_w.l(f2d.o)
    0x000019c6   0x000019c6   0x00000002   PAD
    0x000019c8   0x000019c8   0x00000030   Code   RO          507    .text               mf_w.l(cdcmple.o)
    0x000019f8   0x000019f8   0x0000002c   Code   RO          524    .text               mc_w.l(uidiv.o)
    0x00001a24   0x00001a24   0x00000000   Code   RO          530    .text               mc_w.l(iusefp.o)
    0x00001a24   0x00001a24   0x0000006e   Code   RO          531    .text               mf_w.l(fepilogue.o)
    0x00001a92   0x00001a92   0x00000002   PAD
    0x00001a94   0x00001a94   0x00000024   Code   RO          543    .text               mc_w.l(init.o)
    0x00001ab8   0x00001ab8   0x00000020   Code   RO          301    i.__0printf$3       mc_w.l(printf3.o)
    0x00001ad8   0x00001ad8   0x00000028   Code   RO          303    i.__0sprintf$3      mc_w.l(printf3.o)
    0x00001b00   0x00001b00   0x0000005c   Code   RO          477    i.__free$realloc    mc_w.l(mallocr.o)
    0x00001b5c   0x00001b5c   0x00000050   Code   RO          478    i.__malloc$realloc  mc_w.l(mallocr.o)
    0x00001bac   0x00001bac   0x0000000e   Code   RO          555    i.__scatterload_copy  mc_w.l(handlers.o)
    0x00001bba   0x00001bba   0x00000002   Code   RO          556    i.__scatterload_null  mc_w.l(handlers.o)
    0x00001bbc   0x00001bbc   0x0000000e   Code   RO          557    i.__scatterload_zeroinit  mc_w.l(handlers.o)
    0x00001bca   0x00001bca   0x00000002   PAD
    0x00001bcc   0x00001bcc   0x000001b8   Code   RO          308    i._printf_core      mc_w.l(printf3.o)
    0x00001d84   0x00001d84   0x0000000a   Code   RO          310    i._sputc            mc_w.l(printf3.o)
    0x00001d8e   0x00001d8e   0x00000002   PAD
    0x00001d90   0x00001d90   0x00000050   Code   RO          479    i.internal_alloc    mc_w.l(mallocr.o)
    0x00001de0   0x00001de0   0x0000006c   Code   RO          480    i.realloc           mc_w.l(mallocr.o)
    0x00001e4c   0x00001e4c   0x00000020   Data   RO          553    Region$$Table       anon$$obj.o


    Execution Region RW_IRAM1 (Exec base: 0x20000000, Load base: 0x00001e6c, Size: 0x00003030, Max: 0x00010000, ABSOLUTE)

    Exec Addr    Load Addr    Size         Type   Attr      Idx    E Section Name        Object

    0x20000000   0x00001e6c   0x00000038   Data   RW           69    .data               tasks.o
    0x20000038   0x00001ea4   0x00000004   Data   RW          101    .data               port.o
    0x2000003c   0x00001ea8   0x00000018   Data   RW          123    .data               heap_2.o
    0x20000054   0x00001ec0   0x00000010   Data   RW          138    .data               main.o
    0x20000064   0x00001ed0   0x00000004   Data   RW          200    .data               mc_w.l(rand.o)
    0x20000068   0x00001ed4   0x00000004   Data   RW          523    .data               mc_w.l(stdout.o)
    0x2000006c   0x00001ed8   0x00000004   Data   RW          528    .data               mc_w.l(mvars.o)
    0x20000070   0x00001edc   0x00000004   Data   RW          529    .data               mc_w.l(mvars.o)
    0x20000074        -       0x000000dc   Zero   RW           68    .bss                tasks.o
    0x20000150        -       0x00002800   Zero   RW          122    .bss                heap_2.o
    0x20002950        -       0x000000dc   Zero   RW          137    .bss                main.o
    0x20002a2c   0x00001ee0   0x00000004   PAD
    0x20002a30        -       0x00000400   Zero   RW          190    HEAP                startup_mps_cm3.o
    0x20002e30        -       0x00000200   Zero   RW          189    STACK               startup_mps_cm3.o


==============================================================================

Image component sizes


      Code (inc. data)   RO Data    RW Data    ZI Data      Debug   Object Name

        88         12          0          0          0       1047   basic_io.o
       280         22          0         24      10240       3600   heap_2.o
       148          0          0          0          0       8353   list.o
      2676        332          0         16        220       5299   main.o
       316         26          0          4          0       2709   port.o
         0          0          0          0          0       1652   queue.o
        28          4        192          0       1536        788   startup_mps_cm3.o
      2472        188          0         56        220      12866   tasks.o

    ----------------------------------------------------------------------
      6008        584        224        100      12220      36314   Object Totals
         0          0         32          0          0          0   (incl. Generated)
         0          0          0          0          4          0   (incl. Padding)

    ----------------------------------------------------------------------

      Code (inc. data)   RO Data    RW Data    ZI Data      Debug   Library Member Name

         0          0          0          0          0          0   entry.o
         0          0          0          0          0          0   entry10a.o
         0          0          0          0          0          0   entry11a.o
         8          4          0          0          0          0   entry2.o
         4          0          0          0          0          0   entry5.o
         0          0          0          0          0          0   entry7b.o
         0          0          0          0          0          0   entry8b.o
         8          4          0          0          0          0   entry9a.o
        30          0          0          0          0          0   handlers.o
        36          8          0          0          0         68   init.o
         0          0          0          0          0          0   iusefp.o
       360         30          0          0          0        356   mallocr.o
        36          0          0          0          0         68   memcpya.o
        36          0          0          0          0        108   memseta.o
         0          0          0          8          0          0   mvars.o
       522         20          0          0          0        336   printf3.o
        36         10          0          4          0        136   rand.o
         0          0          0          4          0          0   stdout.o
        14          0          0          0          0         68   strlen.o
        24          0          0          0          0         76   strncpy.o
        44          0          0          0          0         80   uidiv.o
        48          0          0          0          0         68   cdcmple.o
        38          0          0          0          0         68   f2d.o
       176          0          0          0          0        140   fadd.o
       110          0          0          0          0        168   fepilogue.o
        18          0          0          0          0         68   fflti.o

    ----------------------------------------------------------------------
      1556         76          0         16          0       1808   Library Totals
         8          0          0          0          0          0   (incl. Padding)

    ----------------------------------------------------------------------

      Code (inc. data)   RO Data    RW Data    ZI Data      Debug   Library Name

      1158         76          0         16          0       1296   mc_w.l
       390          0          0          0          0        512   mf_w.l

    ----------------------------------------------------------------------
      1556         76          0         16          0       1808   Library Totals

    ----------------------------------------------------------------------

==============================================================================


      Code (inc. data)   RO Data    RW Data    ZI Data      Debug   

      7564        660        224        116      12220      36714   Grand Totals
      7564        660        224        116      12220      36714   ELF Image Totals
      7564        660        224        116          0          0   ROM Totals

==============================================================================

    Total RO  Size (Code + RO Data)                 7788 (   7.61kB)
    Total RW  Size (RW Data + ZI Data)             12336 (  12.05kB)
    Total ROM Size (Code + RO Data + RW Data)       7904 (   7.72kB)

==============================================================================

